Skipping router admin: cannot import name 'disputes_controller' from 'domains.orders.models.orders' (D:\Projects\10- E-COMMERCE WEBSITE\zozi\backend\domains\orders\models\orders.py)
Skipping router admin_admin_analytics: cannot import name 'disputes_controller' from 'domains.orders.models.orders' (D:\Projects\10- E-COMMERCE WEBSITE\zozi\backend\domains\orders\models\orders.py)
Skipping router admin_admin_audit: No module named 'controllers'
Skipping router admin_admin_bank_accounts: No module named 'controllers'
Skipping router admin_admin_coupons: cannot import name 'create_coupon_route' from 'domains.orders.services.coupons_controller' (D:\Projects\10- E-COMMERCE WEBSITE\zozi\backend\domains\orders\services\coupons_controller.py)
Skipping router admin_admin_misc: No module named 'controllers'
Skipping router admin_admin_orders: cannot import name 'bulk_delete_orders_route' from 'domains.orders.services.orders_controller' (D:\Projects\10- E-COMMERCE WEBSITE\zozi\backend\domains\orders\services\orders_controller.py)
Skipping router admin_admin_payouts: cannot import name 'products_service' from 'domains.catalog.models' (D:\Projects\10- E-COMMERCE WEBSITE\zozi\backend\domains\catalog\models\__init__.py)
Skipping router admin_admin_permissions: cannot import name 'disputes_controller' from 'domains.orders.models.orders' (D:\Projects\10- E-COMMERCE WEBSITE\zozi\backend\domains\orders\models\orders.py)
Skipping router admin_admin_products: cannot import name 'products_service' from 'domains.catalog.models' (D:\Projects\10- E-COMMERCE WEBSITE\zozi\backend\domains\catalog\models\__init__.py)
Skipping router admin_admin_suppliers: cannot import name 'disputes_controller' from 'domains.orders.models.orders' (D:\Projects\10- E-COMMERCE WEBSITE\zozi\backend\domains\orders\models\orders.py)
Skipping router admin_admin_tickets: cannot import name 'disputes_controller' from 'domains.orders.models.orders' (D:\Projects\10- E-COMMERCE WEBSITE\zozi\backend\domains\orders\models\orders.py)
Skipping router admin_admin_users_admin: cannot import name 'disputes_controller' from 'domains.orders.models.orders' (D:\Projects\10- E-COMMERCE WEBSITE\zozi\backend\domains\orders\models\orders.py)
Skipping router admin_analytics_fallback_dashboard: cannot import name 'products_service' from 'domains.catalog.models' (D:\Projects\10- E-COMMERCE WEBSITE\zozi\backend\domains\catalog\models\__init__.py)
Skipping router admin_catalog_operations: cannot import name 'products_service' from 'domains.catalog.models' (D:\Projects\10- E-COMMERCE WEBSITE\zozi\backend\domains\catalog\models\__init__.py)
Skipping router admin_categories: No module named 'services'
Skipping router accounting: cannot import name 'general_ledger_service' from 'domains.finance.services.finance' (D:\Projects\10- E-COMMERCE WEBSITE\zozi\backend\domains\finance\services\finance.py)
Skipping router cash_management: cannot import name 'commission_engine' from 'domains.finance.services.finance' (D:\Projects\10- E-COMMERCE WEBSITE\zozi\backend\domains\finance\services\finance.py)
Skipping router email: cannot import name 'products_service' from 'domains.catalog.models' (D:\Projects\10- E-COMMERCE WEBSITE\zozi\backend\domains\catalog\models\__init__.py)
Skipping router employees: cannot import name 'employees_controller' from partially initialized module 'modules.employee.routers' (most likely due to a circular import) (D:\Projects\10- E-COMMERCE WEBSITE\zozi\backend\modules\employee\routers\__init__.py)
optional_dependency_unavailable: No module named 'twilio'
Skipping router finance_package: cannot import name 'general_ledger_service' from 'domains.finance.services.finance' (D:\Projects\10- E-COMMERCE WEBSITE\zozi\backend\domains\finance\services\finance.py)
Skipping router hierarchy: cannot import name 'assign_matrix_manager' from 'domains.accounts.services.hierarchy_service' (D:\Projects\10- E-COMMERCE WEBSITE\zozi\backend\domains\accounts\services\hierarchy_service.py)
Skipping router trading: cannot import name 'general_ledger_service' from 'domains.finance.services.finance' (D:\Projects\10- E-COMMERCE WEBSITE\zozi\backend\domains\finance\services\finance.py)
Skipping router admin_fallback: cannot import name 'products_service' from 'domains.catalog.models' (D:\Projects\10- E-COMMERCE WEBSITE\zozi\backend\domains\catalog\models\__init__.py)
Skipping router admin_finance_accounting: cannot import name 'general_ledger_service' from 'domains.finance.services.finance' (D:\Projects\10- E-COMMERCE WEBSITE\zozi\backend\domains\finance\services\finance.py)
Skipping router admin_finance_creation: cannot import name 'general_ledger_service' from 'domains.finance.services.finance' (D:\Projects\10- E-COMMERCE WEBSITE\zozi\backend\domains\finance\services\finance.py)
Skipping router admin_geography_configuration: cannot import name 'country_controller' from 'domains.country.services.country_controller' (D:\Projects\10- E-COMMERCE WEBSITE\zozi\backend\domains\country\services\country_controller.py)
Skipping router admin_identity_operations: cannot import name '_build_user_delete_blocker' from partially initialized module 'modules.admin.routers' (most likely due to a circular import) (D:\Projects\10- E-COMMERCE WEBSITE\zozi\backend\modules\admin\routers\__init__.py)
Skipping router admin_logistics_fallback: cannot import name 'products_service' from 'domains.catalog.models' (D:\Projects\10- E-COMMERCE WEBSITE\zozi\backend\domains\catalog\models\__init__.py)
Skipping router admin_logistics_imports: cannot import name 'general_ledger_service' from 'domains.finance.services.finance' (D:\Projects\10- E-COMMERCE WEBSITE\zozi\backend\domains\finance\services\finance.py)
Skipping router admin_logistics_operations: cannot import name 'products_service' from 'domains.catalog.models' (D:\Projects\10- E-COMMERCE WEBSITE\zozi\backend\domains\catalog\models\__init__.py)
Skipping router admin_permissions_validation: cannot import name 'permission_service' from 'infrastructure.database' (D:\Projects\10- E-COMMERCE WEBSITE\zozi\backend\infrastructure\database\__init__.py)
Skipping router admin_products: cannot import name 'products_service' from 'domains.catalog.models' (D:\Projects\10- E-COMMERCE WEBSITE\zozi\backend\domains\catalog\models\__init__.py)
Skipping router admin_security_operations: cannot import name 'get_incident_service' from partially initialized module 'domains.accounts.services.incident_service' (most likely due to a circular import) (D:\Projects\10- E-COMMERCE WEBSITE\zozi\backend\domains\accounts\services\incident_service.py)
Skipping router admin_supplier_trading: cannot import name 'general_ledger_service' from 'domains.finance.services.finance' (D:\Projects\10- E-COMMERCE WEBSITE\zozi\backend\domains\finance\services\finance.py)
Skipping router admin_treasury_cash_management_write: cannot import name 'commission_engine' from 'domains.finance.services.finance' (D:\Projects\10- E-COMMERCE WEBSITE\zozi\backend\domains\finance\services\finance.py)
Skipping router admin_treasury_payments: cannot import name 'payout_approval_write_service' from 'domains.finance.services.treasury' (D:\Projects\10- E-COMMERCE WEBSITE\zozi\backend\domains\finance\services\treasury.py)
Skipping router admin_treasury_payout_approval: cannot import name 'payout_approval_write_service' from 'domains.finance.services.treasury' (D:\Projects\10- E-COMMERCE WEBSITE\zozi\backend\domains\finance\services\treasury.py)
Skipping router admin_users: cannot import name '_build_user_delete_blocker' from partially initialized module 'modules.admin.routers' (most likely due to a circular import) (D:\Projects\10- E-COMMERCE WEBSITE\zozi\backend\modules\admin\routers\__init__.py)
Skipping router ai: No module named 'controllers'
Skipping router ai_upload: cannot import name 'products_service' from 'domains.catalog.models' (D:\Projects\10- E-COMMERCE WEBSITE\zozi\backend\domains\catalog\models\__init__.py)
Skipping router automation: cannot import name 'general_ledger_service' from 'domains.finance.services.finance' (D:\Projects\10- E-COMMERCE WEBSITE\zozi\backend\domains\finance\services\finance.py)
Skipping router command_center_controller: cannot import name 'router' from 'domains.governance.services.command_center_controller' (D:\Projects\10- E-COMMERCE WEBSITE\zozi\backend\domains\governance\services\command_center_controller.py)
Skipping router countries: cannot import name 'country_controller' from 'domains.country.services.country_controller' (D:\Projects\10- E-COMMERCE WEBSITE\zozi\backend\domains\country\services\country_controller.py)
Skipping router imports: cannot import name 'general_ledger_service' from 'domains.finance.services.finance' (D:\Projects\10- E-COMMERCE WEBSITE\zozi\backend\domains\finance\services\finance.py)
Skipping router incident: cannot import name 'get_incident_service' from partially initialized module 'domains.accounts.services.incident_service' (most likely due to a circular import) (D:\Projects\10- E-COMMERCE WEBSITE\zozi\backend\domains\accounts\services\incident_service.py)
Skipping router permissions: cannot import name 'permission_service' from 'infrastructure.database' (D:\Projects\10- E-COMMERCE WEBSITE\zozi\backend\infrastructure\database\__init__.py)
Skipping router public_core_ai_upload: cannot import name 'process_job' from 'domains.governance.services.ai_upload_controller' (D:\Projects\10- E-COMMERCE WEBSITE\zozi\backend\domains\governance\services\ai_upload_controller.py)
Skipping router public_core_export: No module named 'controllers'
Skipping router public_core_translate: No module named 'controllers'
Skipping router public_finance_creation: cannot import name 'general_ledger_service' from 'domains.finance.services.finance' (D:\Projects\10- E-COMMERCE WEBSITE\zozi\backend\domains\finance\services\finance.py)
Skipping router public_geography_configuration: cannot import name 'country_controller' from 'domains.country.services.country_controller' (D:\Projects\10- E-COMMERCE WEBSITE\zozi\backend\domains\country\services\country_controller.py)
Skipping router public_hr_hierarchy: cannot import name 'org_hierarchy_write_service' from 'modules.employee.routers' (D:\Projects\10- E-COMMERCE WEBSITE\zozi\backend\modules\employee\routers\__init__.py)
Skipping router public_permissions_validation: cannot import name 'permission_service' from 'infrastructure.database' (D:\Projects\10- E-COMMERCE WEBSITE\zozi\backend\infrastructure\database\__init__.py)
Skipping router public_security_operations: cannot import name 'get_incident_service' from partially initialized module 'domains.accounts.services.incident_service' (most likely due to a circular import) (D:\Projects\10- E-COMMERCE WEBSITE\zozi\backend\domains\accounts\services\incident_service.py)
Skipping router public_suppliers: cannot import name 'ai_service' from 'domains.media.services.ai' (D:\Projects\10- E-COMMERCE WEBSITE\zozi\backend\domains\media\services\ai.py)
Skipping router search: cannot import name 'get_recommendations' from 'infrastructure.search.routers' (unknown location)
Skipping router system_ai_reporting: cannot import name 'general_ledger_service' from 'domains.finance.services.finance' (D:\Projects\10- E-COMMERCE WEBSITE\zozi\backend\domains\finance\services\finance.py)
Skipping router system_ai_sync: No module named 'controllers'
Skipping router system_ai_upload: cannot import name 'products_service' from 'domains.catalog.models' (D:\Projects\10- E-COMMERCE WEBSITE\zozi\backend\domains\catalog\models\__init__.py)
Skipping router cart: cannot import name 'products_service' from 'domains.catalog.models' (D:\Projects\10- E-COMMERCE WEBSITE\zozi\backend\domains\catalog\models\__init__.py)
Skipping router customer_orders: cannot import name 'OrderCreate' from 'domains.orders.services.orders_controller' (D:\Projects\10- E-COMMERCE WEBSITE\zozi\backend\domains\orders\services\orders_controller.py)
Skipping router payments: No module named 'controllers'
Skipping router wishlist: cannot import name 'products_service' from 'domains.catalog.models' (D:\Projects\10- E-COMMERCE WEBSITE\zozi\backend\domains\catalog\models\__init__.py)
Skipping router in customer: Prefix and path cannot be both empty (path operation: list_addresses)
Skipping router in customer: Prefix and path cannot be both empty (path operation: list_coupons)
Skipping router in customer: Prefix and path cannot be both empty (path operation: list_orders)
Skipping router in customer: Prefix and path cannot be both empty (path operation: list_returns)
Skipping router in customer: Prefix and path cannot be both empty (path operation: list_reviews)
Skipping router commission: cannot import name 'commission_engine' from 'domains.finance.services.finance' (D:\Projects\10- E-COMMERCE WEBSITE\zozi\backend\domains\finance\services\finance.py)
Skipping router products: cannot import name 'products_service' from 'domains.catalog.models' (D:\Projects\10- E-COMMERCE WEBSITE\zozi\backend\domains\catalog\models\__init__.py)
Skipping router supplier: No module named 'controllers'
Skipping router supplier_supplier_supplier_health: No module named 'controllers'
Skipping router supplier_supplier_sync: cannot import name 'products_service' from 'domains.catalog.models' (D:\Projects\10- E-COMMERCE WEBSITE\zozi\backend\domains\catalog\models\__init__.py)
Skipping router supplier_supplier_upload: cannot import name 'products_service' from 'domains.catalog.models' (D:\Projects\10- E-COMMERCE WEBSITE\zozi\backend\domains\catalog\models\__init__.py)
Skipping router in supplier: Prefix and path cannot be both empty (path operation: list_supplier_orders)
Skipping router in supplier: Prefix and path cannot be both empty (path operation: list_my_products)
Skipping router logistics_partner: cannot import name 'commission_engine' from 'domains.finance.services.finance' (D:\Projects\10- E-COMMERCE WEBSITE\zozi\backend\domains\finance\services\finance.py)
Skipping router logistics_partner_verify: cannot import name 'commission_engine' from 'domains.finance.services.finance' (D:\Projects\10- E-COMMERCE WEBSITE\zozi\backend\domains\finance\services\finance.py)
Skipping router in logistics: Prefix and path cannot be both empty (path operation: create_shipment)
Skipping router in admin: Prefix and path cannot be both empty (path operation: list_suppliers_global)
Skipping router in admin: Prefix and path cannot be both empty (path operation: list_banners)
Skipping router in admin: Prefix and path cannot be both empty (path operation: translate_texts)
Skipping router in admin: Prefix and path cannot be both empty (path operation: list_users)
Skipping router in employee: Prefix and path cannot be both empty (path operation: chat_message_root)
Skipping router in employee: Prefix and path cannot be both empty (path operation: get_notifications)
Skipping router in employee: Prefix and path cannot be both empty (path operation: list_tickets)
Could not register plural logistics-partner router: cannot import name 'commission_engine' from 'domains.finance.services.finance' (D:\Projects\10- E-COMMERCE WEBSITE\zozi\backend\domains\finance\services\finance.py)
{"event": "Could not auto-create tables: (psycopg2.OperationalError) connection to server at \"localhost\" (::1), port 5432 failed: Connection refused (0x0000274D/10061)\n\tIs the server running on that host and accepting TCP/IP connections?\nconnection to server at \"localhost\" (127.0.0.1), port 5432 failed: Connection refused (0x0000274D/10061)\n\tIs the server running on that host and accepting TCP/IP connections?\n\n(Background on this error at: https://sqlalche.me/e/20/e3q8)", "level": "warning", "logger": "lifespan", "timestamp": "2026-08-18T16:04:50.068124Z"}
{"event": "Alembic auto-upgrade failed at startup: No 'script_location' key found in configuration.", "level": "warning", "logger": "lifespan", "timestamp": "2026-08-18T16:04:50.358784Z"}
{"event": "Failed to load role permission settings at startup", "level": "error", "logger": "lifespan", "timestamp": "2026-08-18T16:04:50.471988Z", "exception": "Traceback (most recent call last):\n  File \"D:\\Projects\\10- E-COMMERCE WEBSITE\\zozi\\backend\\lifespan.py\", line 92, in _startup_load_role_permissions\n    load_role_permission_settings(db)\n  File \"D:\\Projects\\10- E-COMMERCE WEBSITE\\zozi\\backend\\domains\\governance\\services\\permissions_service.py\", line 52, in load_role_permission_settings\n    rows = db.query(RolePermissionSetting).all()\n  File \"D:\\Projects\\10- E-COMMERCE WEBSITE\\zozi\\backend\\venv\\lib\\site-packages\\sqlalchemy\\orm\\session.py\", line 2963, in query\n    return self._query_cls(entities, self, **kwargs)\n  File \"D:\\Projects\\10- E-COMMERCE WEBSITE\\zozi\\backend\\venv\\lib\\site-packages\\sqlalchemy\\orm\\query.py\", line 277, in __init__\n    self._set_entities(entities)\n  File \"D:\\Projects\\10- E-COMMERCE WEBSITE\\zozi\\backend\\venv\\lib\\site-packages\\sqlalchemy\\orm\\query.py\", line 289, in _set_entities\n    self._raw_columns = [\n  File \"D:\\Projects\\10- E-COMMERCE WEBSITE\\zozi\\backend\\venv\\lib\\site-packages\\sqlalchemy\\orm\\query.py\", line 290, in <listcomp>\n    coercions.expect(\n  File \"D:\\Projects\\10- E-COMMERCE WEBSITE\\zozi\\backend\\venv\\lib\\site-packages\\sqlalchemy\\sql\\coercions.py\", line 389, in expect\n    insp._post_inspect\n  File \"D:\\Projects\\10- E-COMMERCE WEBSITE\\zozi\\backend\\venv\\lib\\site-packages\\sqlalchemy\\util\\langhelpers.py\", line 1234, in __get__\n    obj.__dict__[self.__name__] = result = self.fget(obj)\n  File \"D:\\Projects\\10- E-COMMERCE WEBSITE\\zozi\\backend\\venv\\lib\\site-packages\\sqlalchemy\\orm\\mapper.py\", line 2734, in _post_inspect\n    self._check_configure()\n  File \"D:\\Projects\\10- E-COMMERCE WEBSITE\\zozi\\backend\\venv\\lib\\site-packages\\sqlalchemy\\orm\\mapper.py\", line 2411, in _check_configure\n    _configure_registries({self.registry}, cascade=True)\n  File \"D:\\Projects\\10- E-COMMERCE WEBSITE\\zozi\\backend\\venv\\lib\\site-packages\\sqlalchemy\\orm\\mapper.py\", line 4228, in _configure_registries\n    _do_configure_registries(registries, cascade)\n  File \"D:\\Projects\\10- E-COMMERCE WEBSITE\\zozi\\backend\\venv\\lib\\site-packages\\sqlalchemy\\orm\\mapper.py\", line 4269, in _do_configure_registries\n    mapper._post_configure_properties()\n  File \"D:\\Projects\\10- E-COMMERCE WEBSITE\\zozi\\backend\\venv\\lib\\site-packages\\sqlalchemy\\orm\\mapper.py\", line 2428, in _post_configure_properties\n    prop.init()\n  File \"D:\\Projects\\10- E-COMMERCE WEBSITE\\zozi\\backend\\venv\\lib\\site-packages\\sqlalchemy\\orm\\interfaces.py\", line 595, in init\n    self.do_init()\n  File \"D:\\Projects\\10- E-COMMERCE WEBSITE\\zozi\\backend\\venv\\lib\\site-packages\\sqlalchemy\\orm\\relationships.py\", line 1658, in do_init\n    self._setup_join_conditions()\n  File \"D:\\Projects\\10- E-COMMERCE WEBSITE\\zozi\\backend\\venv\\lib\\site-packages\\sqlalchemy\\orm\\relationships.py\", line 1896, in _setup_join_conditions\n    self._join_condition = jc = JoinCondition(\n  File \"D:\\Projects\\10- E-COMMERCE WEBSITE\\zozi\\backend\\venv\\lib\\site-packages\\sqlalchemy\\orm\\relationships.py\", line 2322, in __init__\n    self._determine_joins()\n  File \"D:\\Projects\\10- E-COMMERCE WEBSITE\\zozi\\backend\\venv\\lib\\site-packages\\sqlalchemy\\orm\\relationships.py\", line 2435, in _determine_joins\n    self.primaryjoin = join_condition(\n  File \"D:\\Projects\\10- E-COMMERCE WEBSITE\\zozi\\backend\\venv\\lib\\site-packages\\sqlalchemy\\sql\\util.py\", line 122, in join_condition\n    return Join._join_condition(\n  File \"D:\\Projects\\10- E-COMMERCE WEBSITE\\zozi\\backend\\venv\\lib\\site-packages\\sqlalchemy\\sql\\selectable.py\", line 1435, in _join_condition\n    constraints = cls._joincond_scan_left_right(\n  File \"D:\\Projects\\10- E-COMMERCE WEBSITE\\zozi\\backend\\venv\\lib\\site-packages\\sqlalchemy\\sql\\selectable.py\", line 1523, in _joincond_scan_left_right\n    col = fk.get_referent(left)\n  File \"D:\\Projects\\10- E-COMMERCE WEBSITE\\zozi\\backend\\venv\\lib\\site-packages\\sqlalchemy\\sql\\schema.py\", line 3061, in get_referent\n    return table.columns.corresponding_column(self.column)  # type: ignore\n  File \"D:\\Projects\\10- E-COMMERCE WEBSITE\\zozi\\backend\\venv\\lib\\site-packages\\sqlalchemy\\util\\langhelpers.py\", line 1122, in __get__\n    obj.__dict__[self.__name__] = result = self.fget(obj)\n  File \"D:\\Projects\\10- E-COMMERCE WEBSITE\\zozi\\backend\\venv\\lib\\site-packages\\sqlalchemy\\sql\\schema.py\", line 3198, in column\n    return self._resolve_column()\n  File \"D:\\Projects\\10- E-COMMERCE WEBSITE\\zozi\\backend\\venv\\lib\\site-packages\\sqlalchemy\\sql\\schema.py\", line 3221, in _resolve_column\n    raise exc.NoReferencedTableError(\nsqlalchemy.exc.NoReferencedTableError: Foreign key associated with column 'ticket_attachments.ticket_reply_id' could not find table 'support_ticket_replies' with which to generate a foreign key to target column 'id'"}
{"event": "Failed to seed treasury chart of accounts at startup", "level": "error", "logger": "lifespan", "timestamp": "2026-08-18T16:04:50.741789Z", "exception": "Traceback (most recent call last):\n  File \"D:\\Projects\\10- E-COMMERCE WEBSITE\\zozi\\backend\\lifespan.py\", line 146, in _startup_seed_treasury\n    seed_treasury_system(db)\n  File \"D:\\Projects\\10- E-COMMERCE WEBSITE\\zozi\\backend\\infrastructure\\database\\treasury_seeder.py\", line 157, in seed_treasury_system\n    seed_chart_of_accounts(db)\n  File \"D:\\Projects\\10- E-COMMERCE WEBSITE\\zozi\\backend\\infrastructure\\database\\treasury_seeder.py\", line 109, in seed_chart_of_accounts\n    seed_account_groups(db)\n  File \"D:\\Projects\\10- E-COMMERCE WEBSITE\\zozi\\backend\\infrastructure\\database\\treasury_seeder.py\", line 103, in seed_account_groups\n    _get_or_create_account_group(db, code, name, account_type, normal_side, display_order)\n  File \"D:\\Projects\\10- E-COMMERCE WEBSITE\\zozi\\backend\\infrastructure\\database\\treasury_seeder.py\", line 76, in _get_or_create_account_group\n    group = db.query(AccountGroup).filter(AccountGroup.code == code).first()\n  File \"D:\\Projects\\10- E-COMMERCE WEBSITE\\zozi\\backend\\venv\\lib\\site-packages\\sqlalchemy\\orm\\session.py\", line 2963, in query\n    return self._query_cls(entities, self, **kwargs)\n  File \"D:\\Projects\\10- E-COMMERCE WEBSITE\\zozi\\backend\\venv\\lib\\site-packages\\sqlalchemy\\orm\\query.py\", line 277, in __init__\n    self._set_entities(entities)\n  File \"D:\\Projects\\10- E-COMMERCE WEBSITE\\zozi\\backend\\venv\\lib\\site-packages\\sqlalchemy\\orm\\query.py\", line 289, in _set_entities\n    self._raw_columns = [\n  File \"D:\\Projects\\10- E-COMMERCE WEBSITE\\zozi\\backend\\venv\\lib\\site-packages\\sqlalchemy\\orm\\query.py\", line 290, in <listcomp>\n    coercions.expect(\n  File \"D:\\Projects\\10- E-COMMERCE WEBSITE\\zozi\\backend\\venv\\lib\\site-packages\\sqlalchemy\\sql\\coercions.py\", line 389, in expect\n    insp._post_inspect\n  File \"D:\\Projects\\10- E-COMMERCE WEBSITE\\zozi\\backend\\venv\\lib\\site-packages\\sqlalchemy\\util\\langhelpers.py\", line 1234, in __get__\n    obj.__dict__[self.__name__] = result = self.fget(obj)\n  File \"D:\\Projects\\10- E-COMMERCE WEBSITE\\zozi\\backend\\venv\\lib\\site-packages\\sqlalchemy\\orm\\mapper.py\", line 2734, in _post_inspect\n    self._check_configure()\n  File \"D:\\Projects\\10- E-COMMERCE WEBSITE\\zozi\\backend\\venv\\lib\\site-packages\\sqlalchemy\\orm\\mapper.py\", line 2411, in _check_configure\n    _configure_registries({self.registry}, cascade=True)\n  File \"D:\\Projects\\10- E-COMMERCE WEBSITE\\zozi\\backend\\venv\\lib\\site-packages\\sqlalchemy\\orm\\mapper.py\", line 4228, in _configure_registries\n    _do_configure_registries(registries, cascade)\n  File \"D:\\Projects\\10- E-COMMERCE WEBSITE\\zozi\\backend\\venv\\lib\\site-packages\\sqlalchemy\\orm\\mapper.py\", line 4265, in _do_configure_registries\n    raise e\nsqlalchemy.exc.InvalidRequestError: One or more mappers failed to initialize - can't proceed with initialization of other mappers. Triggering mapper: 'Mapper[SupportTicketReply(support_ticket_replies)]'. Original exception was: Foreign key associated with column 'ticket_attachments.ticket_reply_id' could not find table 'support_ticket_replies' with which to generate a foreign key to target column 'id'"}
{"event": "Failed to import services.unknown._registry at startup", "level": "error", "logger": "lifespan", "timestamp": "2026-08-18T16:04:50.743788Z", "exception": "Traceback (most recent call last):\n  File \"D:\\Projects\\10- E-COMMERCE WEBSITE\\zozi\\backend\\lifespan.py\", line 109, in _startup_register_services\n    import services.unknown._registry  # noqa: F401 \u2014 import side-effects only\nModuleNotFoundError: No module named 'services'"}
Seed failed
Traceback (most recent call last):
  File "D:\Projects\10- E-COMMERCE WEBSITE\zozi\backend\infrastructure\database\seed.py", line 552, in seed_data
    _seed_countries(db)
  File "D:\Projects\10- E-COMMERCE WEBSITE\zozi\backend\infrastructure\database\seed.py", line 1132, in _seed_countries
    existing_count = db.query(CountryConfig).count()
  File "D:\Projects\10- E-COMMERCE WEBSITE\zozi\backend\venv\lib\site-packages\sqlalchemy\orm\session.py", line 2963, in query
    return self._query_cls(entities, self, **kwargs)
  File "D:\Projects\10- E-COMMERCE WEBSITE\zozi\backend\venv\lib\site-packages\sqlalchemy\orm\query.py", line 277, in __init__
    self._set_entities(entities)
  File "D:\Projects\10- E-COMMERCE WEBSITE\zozi\backend\venv\lib\site-packages\sqlalchemy\orm\query.py", line 289, in _set_entities
    self._raw_columns = [
  File "D:\Projects\10- E-COMMERCE WEBSITE\zozi\backend\venv\lib\site-packages\sqlalchemy\orm\query.py", line 290, in <listcomp>
    coercions.expect(
  File "D:\Projects\10- E-COMMERCE WEBSITE\zozi\backend\venv\lib\site-packages\sqlalchemy\sql\coercions.py", line 389, in expect
    insp._post_inspect
  File "D:\Projects\10- E-COMMERCE WEBSITE\zozi\backend\venv\lib\site-packages\sqlalchemy\util\langhelpers.py", line 1234, in __get__
    obj.__dict__[self.__name__] = result = self.fget(obj)
  File "D:\Projects\10- E-COMMERCE WEBSITE\zozi\backend\venv\lib\site-packages\sqlalchemy\orm\mapper.py", line 2734, in _post_inspect
    self._check_configure()
  File "D:\Projects\10- E-COMMERCE WEBSITE\zozi\backend\venv\lib\site-packages\sqlalchemy\orm\mapper.py", line 2411, in _check_configure
    _configure_registries({self.registry}, cascade=True)
  File "D:\Projects\10- E-COMMERCE WEBSITE\zozi\backend\venv\lib\site-packages\sqlalchemy\orm\mapper.py", line 4228, in _configure_registries
    _do_configure_registries(registries, cascade)
  File "D:\Projects\10- E-COMMERCE WEBSITE\zozi\backend\venv\lib\site-packages\sqlalchemy\orm\mapper.py", line 4265, in _do_configure_registries
    raise e
sqlalchemy.exc.InvalidRequestError: One or more mappers failed to initialize - can't proceed with initialization of other mappers. Triggering mapper: 'Mapper[SupportTicketReply(support_ticket_replies)]'. Original exception was: Foreign key associated with column 'ticket_attachments.ticket_reply_id' could not find table 'support_ticket_replies' with which to generate a foreign key to target column 'id'
{"event": "Failed to seed demo data at startup", "level": "error", "logger": "lifespan", "timestamp": "2026-08-18T16:04:50.748754Z", "exception": "Traceback (most recent call last):\n  File \"D:\\Projects\\10- E-COMMERCE WEBSITE\\zozi\\backend\\lifespan.py\", line 167, in _seed_demo_data\n    seed_data(SessionLocal)\n  File \"D:\\Projects\\10- E-COMMERCE WEBSITE\\zozi\\backend\\infrastructure\\database\\seed.py\", line 552, in seed_data\n    _seed_countries(db)\n  File \"D:\\Projects\\10- E-COMMERCE WEBSITE\\zozi\\backend\\infrastructure\\database\\seed.py\", line 1132, in _seed_countries\n    existing_count = db.query(CountryConfig).count()\n  File \"D:\\Projects\\10- E-COMMERCE WEBSITE\\zozi\\backend\\venv\\lib\\site-packages\\sqlalchemy\\orm\\session.py\", line 2963, in query\n    return self._query_cls(entities, self, **kwargs)\n  File \"D:\\Projects\\10- E-COMMERCE WEBSITE\\zozi\\backend\\venv\\lib\\site-packages\\sqlalchemy\\orm\\query.py\", line 277, in __init__\n    self._set_entities(entities)\n  File \"D:\\Projects\\10- E-COMMERCE WEBSITE\\zozi\\backend\\venv\\lib\\site-packages\\sqlalchemy\\orm\\query.py\", line 289, in _set_entities\n    self._raw_columns = [\n  File \"D:\\Projects\\10- E-COMMERCE WEBSITE\\zozi\\backend\\venv\\lib\\site-packages\\sqlalchemy\\orm\\query.py\", line 290, in <listcomp>\n    coercions.expect(\n  File \"D:\\Projects\\10- E-COMMERCE WEBSITE\\zozi\\backend\\venv\\lib\\site-packages\\sqlalchemy\\sql\\coercions.py\", line 389, in expect\n    insp._post_inspect\n  File \"D:\\Projects\\10- E-COMMERCE WEBSITE\\zozi\\backend\\venv\\lib\\site-packages\\sqlalchemy\\util\\langhelpers.py\", line 1234, in __get__\n    obj.__dict__[self.__name__] = result = self.fget(obj)\n  File \"D:\\Projects\\10- E-COMMERCE WEBSITE\\zozi\\backend\\venv\\lib\\site-packages\\sqlalchemy\\orm\\mapper.py\", line 2734, in _post_inspect\n    self._check_configure()\n  File \"D:\\Projects\\10- E-COMMERCE WEBSITE\\zozi\\backend\\venv\\lib\\site-packages\\sqlalchemy\\orm\\mapper.py\", line 2411, in _check_configure\n    _configure_registries({self.registry}, cascade=True)\n  File \"D:\\Projects\\10- E-COMMERCE WEBSITE\\zozi\\backend\\venv\\lib\\site-packages\\sqlalchemy\\orm\\mapper.py\", line 4228, in _configure_registries\n    _do_configure_registries(registries, cascade)\n  File \"D:\\Projects\\10- E-COMMERCE WEBSITE\\zozi\\backend\\venv\\lib\\site-packages\\sqlalchemy\\orm\\mapper.py\", line 4265, in _do_configure_registries\n    raise e\nsqlalchemy.exc.InvalidRequestError: One or more mappers failed to initialize - can't proceed with initialization of other mappers. Triggering mapper: 'Mapper[SupportTicketReply(support_ticket_replies)]'. Original exception was: Foreign key associated with column 'ticket_attachments.ticket_reply_id' could not find table 'support_ticket_replies' with which to generate a foreign key to target column 'id'"}
